// Jest Snapshot v1, https://goo.gl/fbAQLP

exports[`Todo Container should render Todo 1`] = `
<div>
  <div />
</div>
`;
